// Jest Snapshot v1, https://goo.gl/fbAQLP

exports[`Calender Month component should render correctly 1`] = `
<div
  className="calendarContainer"
  style={
    Object {
      "transform": "translateX(0%)",
    }
  }
>
  <div
    className="monthLabel"
  >
    March
  </div>
  <div
    className="calendar"
  >
    <div
      key="Su"
    >
      Su
    </div>
    <div
      key="Mo"
    >
      Mo
    </div>
    <div
      key="Tu"
    >
      Tu
    </div>
    <div
      key="We"
    >
      We
    </div>
    <div
      key="Th"
    >
      Th
    </div>
    <div
      key="Fr"
    >
      Fr
    </div>
    <div
      key="Sa"
    >
      Sa
    </div>
    <Connect(CalendarDay)
      date={7365}
      dayOfMonth={0}
      key="7365"
    />
    <Connect(CalendarDay)
      date={7366}
      dayOfMonth={1}
      key="7366"
    />
    <Connect(CalendarDay)
      date={7367}
      dayOfMonth={2}
      key="7367"
    />
    <Connect(CalendarDay)
      date={7368}
      dayOfMonth={3}
      key="7368"
    />
    <Connect(CalendarDay)
      date={7369}
      dayOfMonth={4}
      key="7369"
    />
    <Connect(CalendarDay)
      date={7370}
      dayOfMonth={5}
      key="7370"
    />
    <Connect(CalendarDay)
      date={7371}
      dayOfMonth={6}
      key="7371"
    />
    <Connect(CalendarDay)
      date={7372}
      dayOfMonth={7}
      key="7372"
    />
    <Connect(CalendarDay)
      date={7373}
      dayOfMonth={8}
      key="7373"
    />
    <Connect(CalendarDay)
      date={7374}
      dayOfMonth={9}
      key="7374"
    />
    <Connect(CalendarDay)
      date={7375}
      dayOfMonth={10}
      key="7375"
    />
    <Connect(CalendarDay)
      date={7376}
      dayOfMonth={11}
      key="7376"
    />
    <Connect(CalendarDay)
      date={7377}
      dayOfMonth={12}
      key="7377"
    />
    <Connect(CalendarDay)
      date={7378}
      dayOfMonth={13}
      key="7378"
    />
    <Connect(CalendarDay)
      date={7379}
      dayOfMonth={14}
      key="7379"
    />
    <Connect(CalendarDay)
      date={7380}
      dayOfMonth={15}
      key="7380"
    />
    <Connect(CalendarDay)
      date={7381}
      dayOfMonth={16}
      key="7381"
    />
    <Connect(CalendarDay)
      date={7382}
      dayOfMonth={17}
      key="7382"
    />
    <Connect(CalendarDay)
      date={7383}
      dayOfMonth={18}
      key="7383"
    />
    <Connect(CalendarDay)
      date={7384}
      dayOfMonth={19}
      key="7384"
    />
    <Connect(CalendarDay)
      date={7385}
      dayOfMonth={20}
      key="7385"
    />
    <Connect(CalendarDay)
      date={7386}
      dayOfMonth={21}
      key="7386"
    />
    <Connect(CalendarDay)
      date={7387}
      dayOfMonth={22}
      key="7387"
    />
    <Connect(CalendarDay)
      date={7388}
      dayOfMonth={23}
      key="7388"
    />
    <Connect(CalendarDay)
      date={7389}
      dayOfMonth={24}
      key="7389"
    />
    <Connect(CalendarDay)
      date={7390}
      dayOfMonth={25}
      key="7390"
    />
    <Connect(CalendarDay)
      date={7391}
      dayOfMonth={26}
      key="7391"
    />
    <Connect(CalendarDay)
      date={7392}
      dayOfMonth={27}
      key="7392"
    />
    <Connect(CalendarDay)
      date={7393}
      dayOfMonth={28}
      key="7393"
    />
    <Connect(CalendarDay)
      date={7394}
      dayOfMonth={29}
      key="7394"
    />
    <Connect(CalendarDay)
      date={7395}
      dayOfMonth={30}
      key="7395"
    />
  </div>
</div>
`;
